// Vitest Snapshot v1, https://vitest.dev/guide/snapshot.html

exports[`Nav > matches snapshot 1`] = `
<div>
  <div
    class="flex flex-col items-center justify-center"
  >
    <a
      class="text-glow text-3xl font-bold italic text-yellow-400 md:text-5xl"
      href="/"
    >
      Pokemon TCG
    </a>
    <div
      class="text-glow mt-2 text-sm font-bold text-zinc-100"
    >
      nav.subtitle
    </div>
  </div>
</div>
`;
